Starting test: testSomethingElse
Starting test: testPing
