Starting test: testDeployArbitraryVerticle
Starting test: testHTTP
Starting test: testCompleteOnTimer
