Jul 20, 2013 1:42:52 PM org.vertx.java.core.logging.impl.JULLogDelegate info
INFO: Downloading io.vertx~lang-jruby~2.0.0-final. Please wait...
Jul 20, 2013 1:43:22 PM org.vertx.java.core.logging.impl.JULLogDelegate info
INFO: Module io.vertx~lang-jruby~2.0.0-final successfully installed
Jul 20, 2013 1:43:28 PM org.vertx.java.core.logging.impl.JULLogDelegate info
INFO: PingVerticle started
Jul 20, 2013 1:43:28 PM org.vertx.java.core.logging.impl.JULLogDelegate info
INFO: Sent back pong
Jul 20, 2013 1:43:28 PM org.vertx.java.core.logging.impl.JULLogDelegate info
INFO: PingVerticle started
